Stages: seed, ingest, quality, score, alert, digest
Sources: fred, worldbank, yfinance, oecd, bis, imf, gdelt, googlenews
Countries: 5 pilots

[23:30:13] [seed        ] Seeding registry tables...
2026-04-17 19:30:13 [info     ] seeds.countries.upserted       count=183
2026-04-17 19:30:13 [info     ] seeds.source_indicators.upserted count=276
[23:30:13] [seed        ] Seeded 183 countries, 276 indicators
[23:30:13] [ingest      ] Ingesting from 8 sources...
2026-04-17 19:30:13 [info     ] factory.fred.built             indicator_count=44
2026-04-17 19:30:13 [info     ] factory.worldbank.built        country_count=183 indicator_count=7
2026-04-17 19:30:13 [info     ] factory.yfinance.built         indicator_count=194
2026-04-17 19:30:13 [info     ] factory.oecd.built             indicator_count=4
2026-04-17 19:30:13 [info     ] factory.bis.built              country_count=183 indicator_count=3
2026-04-17 19:30:13 [info     ] factory.imf.built              indicator_count=15
2026-04-17 19:30:13 [info     ] factory.gdelt.built            country_count=183 indicator_count=3
2026-04-17 19:30:13 [info     ] factory.googlenews.built       country_count=183 indicator_count=1
[23:30:13] [ingest      ] Fetching fred (16 countries)...
[23:31:17] [ingest      ]   fred: 39852 fetched, 39852 written
[23:31:17] [ingest      ] Fetching worldbank (16 countries)...
[23:32:45] [ingest      ]   worldbank: 2533 fetched, 2533 written
[23:32:45] [ingest      ] Fetching yfinance (16 countries)...
HTTP Error 404: {"quoteSummary":{"result":null,"error":{"code":"Not Found","description":"Quote not found for symbol: ^COLCAP"}}}
$^COLCAP: possibly delisted; no timezone found

1 Failed download:
['^COLCAP']: possibly delisted; no timezone found
2026-04-17 19:32:46 [debug    ] yfinance.fetch.empty           ticker=^COLCAP
$^IPSA: possibly delisted; no price data found  (1d 2020-01-01 -> 2026-04-17)

1 Failed download:
['^IPSA']: possibly delisted; no price data found  (1d 2020-01-01 -> 2026-04-17)
2026-04-17 19:32:47 [debug    ] yfinance.fetch.empty           ticker=^IPSA
HTTP Error 404: {"quoteSummary":{"result":null,"error":{"code":"Not Found","description":"Quote not found for symbol: ^PX1"}}}
$^PX1: possibly delisted; no timezone found

1 Failed download:
['^PX1']: possibly delisted; no timezone found
2026-04-17 19:32:47 [debug    ] yfinance.fetch.empty           ticker=^PX1
$^CASE: possibly delisted; no timezone found

1 Failed download:
['^CASE']: possibly delisted; no timezone found
2026-04-17 19:32:50 [debug    ] yfinance.fetch.empty           ticker=^CASE
$^WIG20: possibly delisted; no price data found  (1d 2020-01-01 -> 2026-04-17)

1 Failed download:
['^WIG20']: possibly delisted; no price data found  (1d 2020-01-01 -> 2026-04-17)
2026-04-17 19:32:50 [debug    ] yfinance.fetch.empty           ticker=^WIG20
[23:32:58] [ingest      ]   yfinance: 55969 fetched, 55969 written
2026-04-17 19:32:58 [debug    ] coverage.filtered              n_covered=11 n_skipped=5 source=oecd
[23:32:58] [ingest      ] Fetching oecd (11 countries)...
2026-04-17 19:33:00 [debug    ] oecd.bulk_fetch.ok             countries_returned=3 indicator=BCI
2026-04-17 19:33:06 [debug    ] oecd.bulk_fetch.ok             countries_returned=3 indicator=CCI
2026-04-17 19:33:12 [debug    ] oecd.bulk_fetch.ok             countries_returned=3 indicator=CLI
2026-04-17 19:33:18 [debug    ] oecd.bulk_fetch.ok             countries_returned=3 indicator=INDPROD
[23:33:18] [ingest      ]   oecd: 153 fetched, 153 written
2026-04-17 19:33:18 [debug    ] coverage.filtered              n_covered=13 n_skipped=3 source=bis
[23:33:18] [ingest      ] Fetching bis (13 countries)...
2026-04-17 19:33:18 [debug    ] bis.fetch.unknown_country      iso3=COL
2026-04-17 19:33:18 [debug    ] bis.fetch.unknown_country      iso3=CHL
2026-04-17 19:33:18 [debug    ] bis.fetch.unknown_country      iso3=CZE
2026-04-17 19:33:18 [debug    ] bis.fetch.unknown_country      iso3=USA
2026-04-17 19:33:18 [debug    ] bis.fetch.unknown_country      iso3=IND
2026-04-17 19:33:31 [debug    ] bis.fetch.unknown_country      iso3=MEX
2026-04-17 19:33:49 [debug    ] bis.fetch.unknown_country      iso3=IDN
2026-04-17 19:33:49 [debug    ] bis.fetch.unknown_country      iso3=THA
2026-04-17 19:34:07 [debug    ] bis.fetch.unknown_country      iso3=SAU
[23:34:29] [ingest      ]   bis: 1955 fetched, 1955 written
[23:34:29] [ingest      ] Fetching imf (16 countries)...
2026-04-17 19:34:54 [debug    ] imf.bop.failed                 error='All connection attempts failed' indicator=BCA_BP6_USD iso3=COL
2026-04-17 19:35:00 [warning  ] base_client.circuit_open       failures=5 source=imf url=http://dataservices.imf.org/REST/SDMX_JSON.svc/CompactData/BOP/Q.COL.BFA_BP6_USD
2026-04-17 19:35:03 [debug    ] imf.bop.failed                 error='All connection attempts failed' indicator=BFA_BP6_USD iso3=COL
2026-04-17 19:35:03 [debug    ] imf.bop.failed                 error='[imf] Circuit breaker open after 6 consecutive connection failures' indicator=BGS_BP6_USD iso3=COL
2026-04-17 19:35:03 [debug    ] imf.ifs.monthly_failed         error='[imf] Circuit breaker open after 6 consecutive connection failures' indicator=ENDA_XDC_USD_RATE iso3=COL
2026-04-17 19:35:03 [debug    ] imf.ifs.quarterly_failed       error='[imf] Circuit breaker open after 6 consecutive connection failures' indicator=ENDA_XDC_USD_RATE iso3=COL
2026-04-17 19:35:03 [debug    ] imf.ifs.monthly_failed         error='[imf] Circuit breaker open after 6 consecutive connection failures' indicator=FILR_PA iso3=COL
2026-04-17 19:35:03 [debug    ] imf.ifs.quarterly_failed       error='[imf] Circuit breaker open after 6 consecutive connection failures' indicator=FILR_PA iso3=COL
2026-04-17 19:35:03 [debug    ] imf.ifs.monthly_failed         error='[imf] Circuit breaker open after 6 consecutive connection failures' indicator=FITB_PA iso3=COL
2026-04-17 19:35:03 [debug    ] imf.ifs.quarterly_failed       error='[imf] Circuit breaker open after 6 consecutive connection failures' indicator=FITB_PA iso3=COL
2026-04-17 19:35:03 [debug    ] imf.ifs.monthly_failed         error='[imf] Circuit breaker open after 6 consecutive connection failures' indicator=FMA_XDC iso3=COL
2026-04-17 19:35:03 [debug    ] imf.ifs.quarterly_failed       error='[imf] Circuit breaker open after 6 consecutive connection failures' indicator=FMA_XDC iso3=COL
2026-04-17 19:35:03 [debug    ] imf.ifs.monthly_failed         error='[imf] Circuit breaker open after 6 consecutive connection failures' indicator=PCPI_IX iso3=COL
2026-04-17 19:35:03 [debug    ] imf.ifs.quarterly_failed       error='[imf] Circuit breaker open after 6 consecutive connection failures' indicator=PCPI_IX iso3=COL
2026-04-17 19:35:03 [debug    ] imf.ifs.monthly_failed         error='[imf] Circuit breaker open after 6 consecutive connection failures' indicator=RAXGFX_USD iso3=COL
2026-04-17 19:35:03 [debug    ] imf.ifs.quarterly_failed       error='[imf] Circuit breaker open after 6 consecutive connection failures' indicator=RAXGFX_USD iso3=COL
2026-04-17 19:35:03 [debug    ] imf.bop.failed                 error='[imf] Circuit breaker open after 6 consecutive connection failures' indicator=BCA_BP6_USD iso3=NGA
2026-04-17 19:35:03 [debug    ] imf.bop.failed                 error='[imf] Circuit breaker open after 6 consecutive connection failures' indicator=BFA_BP6_USD iso3=NGA
2026-04-17 19:35:03 [debug    ] imf.bop.failed                 error='[imf] Circuit breaker open after 6 consecutive connection failures' indicator=BGS_BP6_USD iso3=NGA
2026-04-17 19:35:03 [debug    ] imf.ifs.monthly_failed         error='[imf] Circuit breaker open after 6 consecutive connection failures' indicator=ENDA_XDC_USD_RATE iso3=NGA
2026-04-17 19:35:03 [debug    ] imf.ifs.quarterly_failed       error='[imf] Circuit breaker open after 6 consecutive connection failures' indicator=ENDA_XDC_USD_RATE iso3=NGA
2026-04-17 19:35:03 [debug    ] imf.ifs.monthly_failed         error='[imf] Circuit breaker open after 6 consecutive connection failures' indicator=FILR_PA iso3=NGA
2026-04-17 19:35:03 [debug    ] imf.ifs.quarterly_failed       error='[imf] Circuit breaker open after 6 consecutive connection failures' indicator=FILR_PA iso3=NGA
2026-04-17 19:35:03 [debug    ] imf.ifs.monthly_failed         error='[imf] Circuit breaker open after 6 consecutive connection failures' indicator=FITB_PA iso3=NGA
2026-04-17 19:35:03 [debug    ] imf.ifs.quarterly_failed       error='[imf] Circuit breaker open after 6 consecutive connection failures' indicator=FITB_PA iso3=NGA
2026-04-17 19:35:03 [debug    ] imf.ifs.monthly_failed         error='[imf] Circuit breaker open after 6 consecutive connection failures' indicator=FMA_XDC iso3=NGA
2026-04-17 19:35:03 [debug    ] imf.ifs.quarterly_failed       error='[imf] Circuit breaker open after 6 consecutive connection failures' indicator=FMA_XDC iso3=NGA
2026-04-17 19:35:03 [debug    ] imf.ifs.monthly_failed         error='[imf] Circuit breaker open after 6 consecutive connection failures' indicator=PCPI_IX iso3=NGA
2026-04-17 19:35:03 [debug    ] imf.ifs.quarterly_failed       error='[imf] Circuit breaker open after 6 consecutive connection failures' indicator=PCPI_IX iso3=NGA
2026-04-17 19:35:03 [debug    ] imf.ifs.monthly_failed         error='[imf] Circuit breaker open after 6 consecutive connection failures' indicator=RAXGFX_USD iso3=NGA
2026-04-17 19:35:03 [debug    ] imf.ifs.quarterly_failed       error='[imf] Circuit breaker open after 6 consecutive connection failures' indicator=RAXGFX_USD iso3=NGA
2026-04-17 19:35:03 [debug    ] imf.bop.failed                 error='[imf] Circuit breaker open after 6 consecutive connection failures' indicator=BCA_BP6_USD iso3=CHL
2026-04-17 19:35:03 [debug    ] imf.bop.failed                 error='[imf] Circuit breaker open after 6 consecutive connection failures' indicator=BFA_BP6_USD iso3=CHL
2026-04-17 19:35:03 [debug    ] imf.bop.failed                 error='[imf] Circuit breaker open after 6 consecutive connection failures' indicator=BGS_BP6_USD iso3=CHL
2026-04-17 19:35:03 [debug    ] imf.ifs.monthly_failed         error='[imf] Circuit breaker open after 6 consecutive connection failures' indicator=ENDA_XDC_USD_RATE iso3=CHL
2026-04-17 19:35:03 [debug    ] imf.ifs.quarterly_failed       error='[imf] Circuit breaker open after 6 consecutive connection failures' indicator=ENDA_XDC_USD_RATE iso3=CHL
2026-04-17 19:35:03 [debug    ] imf.ifs.monthly_failed         error='[imf] Circuit breaker open after 6 consecutive connection failures' indicator=FILR_PA iso3=CHL
2026-04-17 19:35:03 [debug    ] imf.ifs.quarterly_failed       error='[imf] Circuit breaker open after 6 consecutive connection failures' indicator=FILR_PA iso3=CHL
2026-04-17 19:35:03 [debug    ] imf.ifs.monthly_failed         error='[imf] Circuit breaker open after 6 consecutive connection failures' indicator=FITB_PA iso3=CHL
2026-04-17 19:35:03 [debug    ] imf.ifs.quarterly_failed       error='[imf] Circuit breaker open after 6 consecutive connection failures' indicator=FITB_PA iso3=CHL
2026-04-17 19:35:03 [debug    ] imf.ifs.monthly_failed         error='[imf] Circuit breaker open after 6 consecutive connection failures' indicator=FMA_XDC iso3=CHL
2026-04-17 19:35:03 [debug    ] imf.ifs.quarterly_failed       error='[imf] Circuit breaker open after 6 consecutive connection failures' indicator=FMA_XDC iso3=CHL
2026-04-17 19:35:03 [debug    ] imf.ifs.monthly_failed         error='[imf] Circuit breaker open after 6 consecutive connection failures' indicator=PCPI_IX iso3=CHL
2026-04-17 19:35:03 [debug    ] imf.ifs.quarterly_failed       error='[imf] Circuit breaker open after 6 consecutive connection failures' indicator=PCPI_IX iso3=CHL
2026-04-17 19:35:03 [debug    ] imf.ifs.monthly_failed         error='[imf] Circuit breaker open after 6 consecutive connection failures' indicator=RAXGFX_USD iso3=CHL
2026-04-17 19:35:03 [debug    ] imf.ifs.quarterly_failed       error='[imf] Circuit breaker open after 6 consecutive connection failures' indicator=RAXGFX_USD iso3=CHL
2026-04-17 19:35:03 [debug    ] imf.bop.failed                 error='[imf] Circuit breaker open after 6 consecutive connection failures' indicator=BCA_BP6_USD iso3=CZE
2026-04-17 19:35:03 [debug    ] imf.bop.failed                 error='[imf] Circuit breaker open after 6 consecutive connection failures' indicator=BFA_BP6_USD iso3=CZE
2026-04-17 19:35:03 [debug    ] imf.bop.failed                 error='[imf] Circuit breaker open after 6 consecutive connection failures' indicator=BGS_BP6_USD iso3=CZE
2026-04-17 19:35:03 [debug    ] imf.ifs.monthly_failed         error='[imf] Circuit breaker open after 6 consecutive connection failures' indicator=ENDA_XDC_USD_RATE iso3=CZE
2026-04-17 19:35:03 [debug    ] imf.ifs.quarterly_failed       error='[imf] Circuit breaker open after 6 consecutive connection failures' indicator=ENDA_XDC_USD_RATE iso3=CZE
2026-04-17 19:35:03 [debug    ] imf.ifs.monthly_failed         error='[imf] Circuit breaker open after 6 consecutive connection failures' indicator=FILR_PA iso3=CZE
2026-04-17 19:35:03 [debug    ] imf.ifs.quarterly_failed       error='[imf] Circuit breaker open after 6 consecutive connection failures' indicator=FILR_PA iso3=CZE
2026-04-17 19:35:03 [debug    ] imf.ifs.monthly_failed         error='[imf] Circuit breaker open after 6 consecutive connection failures' indicator=FITB_PA iso3=CZE
2026-04-17 19:35:03 [debug    ] imf.ifs.quarterly_failed       error='[imf] Circuit breaker open after 6 consecutive connection failures' indicator=FITB_PA iso3=CZE
2026-04-17 19:35:03 [debug    ] imf.ifs.monthly_failed         error='[imf] Circuit breaker open after 6 consecutive connection failures' indicator=FMA_XDC iso3=CZE
2026-04-17 19:35:03 [debug    ] imf.ifs.quarterly_failed       error='[imf] Circuit breaker open after 6 consecutive connection failures' indicator=FMA_XDC iso3=CZE
2026-04-17 19:35:03 [debug    ] imf.ifs.monthly_failed         error='[imf] Circuit breaker open after 6 consecutive connection failures' indicator=PCPI_IX iso3=CZE
2026-04-17 19:35:03 [debug    ] imf.ifs.quarterly_failed       error='[imf] Circuit breaker open after 6 consecutive connection failures' indicator=PCPI_IX iso3=CZE
2026-04-17 19:35:03 [debug    ] imf.ifs.monthly_failed         error='[imf] Circuit breaker open after 6 consecutive connection failures' indicator=RAXGFX_USD iso3=CZE
2026-04-17 19:35:03 [debug    ] imf.ifs.quarterly_failed       error='[imf] Circuit breaker open after 6 consecutive connection failures' indicator=RAXGFX_USD iso3=CZE
2026-04-17 19:35:03 [debug    ] imf.bop.failed                 error='[imf] Circuit breaker open after 6 consecutive connection failures' indicator=BCA_BP6_USD iso3=USA
2026-04-17 19:35:03 [debug    ] imf.bop.failed                 error='[imf] Circuit breaker open after 6 consecutive connection failures' indicator=BFA_BP6_USD iso3=USA
2026-04-17 19:35:03 [debug    ] imf.bop.failed                 error='[imf] Circuit breaker open after 6 consecutive connection failures' indicator=BGS_BP6_USD iso3=USA
2026-04-17 19:35:03 [debug    ] imf.ifs.monthly_failed         error='[imf] Circuit breaker open after 6 consecutive connection failures' indicator=ENDA_XDC_USD_RATE iso3=USA
2026-04-17 19:35:03 [debug    ] imf.ifs.quarterly_failed       error='[imf] Circuit breaker open after 6 consecutive connection failures' indicator=ENDA_XDC_USD_RATE iso3=USA
2026-04-17 19:35:03 [debug    ] imf.ifs.monthly_failed         error='[imf] Circuit breaker open after 6 consecutive connection failures' indicator=FILR_PA iso3=USA
2026-04-17 19:35:03 [debug    ] imf.ifs.quarterly_failed       error='[imf] Circuit breaker open after 6 consecutive connection failures' indicator=FILR_PA iso3=USA
2026-04-17 19:35:03 [debug    ] imf.ifs.monthly_failed         error='[imf] Circuit breaker open after 6 consecutive connection failures' indicator=FITB_PA iso3=USA
2026-04-17 19:35:03 [debug    ] imf.ifs.quarterly_failed       error='[imf] Circuit breaker open after 6 consecutive connection failures' indicator=FITB_PA iso3=USA
2026-04-17 19:35:03 [debug    ] imf.ifs.monthly_failed         error='[imf] Circuit breaker open after 6 consecutive connection failures' indicator=FMA_XDC iso3=USA
2026-04-17 19:35:03 [debug    ] imf.ifs.quarterly_failed       error='[imf] Circuit breaker open after 6 consecutive connection failures' indicator=FMA_XDC iso3=USA
2026-04-17 19:35:03 [debug    ] imf.ifs.monthly_failed         error='[imf] Circuit breaker open after 6 consecutive connection failures' indicator=PCPI_IX iso3=USA
2026-04-17 19:35:03 [debug    ] imf.ifs.quarterly_failed       error='[imf] Circuit breaker open after 6 consecutive connection failures' indicator=PCPI_IX iso3=USA
2026-04-17 19:35:03 [debug    ] imf.ifs.monthly_failed         error='[imf] Circuit breaker open after 6 consecutive connection failures' indicator=RAXGFX_USD iso3=USA
2026-04-17 19:35:03 [debug    ] imf.ifs.quarterly_failed       error='[imf] Circuit breaker open after 6 consecutive connection failures' indicator=RAXGFX_USD iso3=USA
2026-04-17 19:35:03 [debug    ] imf.bop.failed                 error='[imf] Circuit breaker open after 6 consecutive connection failures' indicator=BCA_BP6_USD iso3=IND
2026-04-17 19:35:03 [debug    ] imf.bop.failed                 error='[imf] Circuit breaker open after 6 consecutive connection failures' indicator=BFA_BP6_USD iso3=IND
2026-04-17 19:35:03 [debug    ] imf.bop.failed                 error='[imf] Circuit breaker open after 6 consecutive connection failures' indicator=BGS_BP6_USD iso3=IND
2026-04-17 19:35:03 [debug    ] imf.ifs.monthly_failed         error='[imf] Circuit breaker open after 6 consecutive connection failures' indicator=ENDA_XDC_USD_RATE iso3=IND
2026-04-17 19:35:03 [debug    ] imf.ifs.quarterly_failed       error='[imf] Circuit breaker open after 6 consecutive connection failures' indicator=ENDA_XDC_USD_RATE iso3=IND
2026-04-17 19:35:03 [debug    ] imf.ifs.monthly_failed         error='[imf] Circuit breaker open after 6 consecutive connection failures' indicator=FILR_PA iso3=IND
2026-04-17 19:35:03 [debug    ] imf.ifs.quarterly_failed       error='[imf] Circuit breaker open after 6 consecutive connection failures' indicator=FILR_PA iso3=IND
2026-04-17 19:35:03 [debug    ] imf.ifs.monthly_failed         error='[imf] Circuit breaker open after 6 consecutive connection failures' indicator=FITB_PA iso3=IND
2026-04-17 19:35:03 [debug    ] imf.ifs.quarterly_failed       error='[imf] Circuit breaker open after 6 consecutive connection failures' indicator=FITB_PA iso3=IND
2026-04-17 19:35:03 [debug    ] imf.ifs.monthly_failed         error='[imf] Circuit breaker open after 6 consecutive connection failures' indicator=FMA_XDC iso3=IND
2026-04-17 19:35:03 [debug    ] imf.ifs.quarterly_failed       error='[imf] Circuit breaker open after 6 consecutive connection failures' indicator=FMA_XDC iso3=IND
2026-04-17 19:35:03 [debug    ] imf.ifs.monthly_failed         error='[imf] Circuit breaker open after 6 consecutive connection failures' indicator=PCPI_IX iso3=IND
2026-04-17 19:35:03 [debug    ] imf.ifs.quarterly_failed       error='[imf] Circuit breaker open after 6 consecutive connection failures' indicator=PCPI_IX iso3=IND
2026-04-17 19:35:03 [debug    ] imf.ifs.monthly_failed         error='[imf] Circuit breaker open after 6 consecutive connection failures' indicator=RAXGFX_USD iso3=IND
2026-04-17 19:35:03 [debug    ] imf.ifs.quarterly_failed       error='[imf] Circuit breaker open after 6 consecutive connection failures' indicator=RAXGFX_USD iso3=IND
2026-04-17 19:35:03 [debug    ] imf.bop.failed                 error='[imf] Circuit breaker open after 6 consecutive connection failures' indicator=BCA_BP6_USD iso3=ZAF
2026-04-17 19:35:03 [debug    ] imf.bop.failed                 error='[imf] Circuit breaker open after 6 consecutive connection failures' indicator=BFA_BP6_USD iso3=ZAF
2026-04-17 19:35:03 [debug    ] imf.bop.failed                 error='[imf] Circuit breaker open after 6 consecutive connection failures' indicator=BGS_BP6_USD iso3=ZAF
2026-04-17 19:35:03 [debug    ] imf.ifs.monthly_failed         error='[imf] Circuit breaker open after 6 consecutive connection failures' indicator=ENDA_XDC_USD_RATE iso3=ZAF
2026-04-17 19:35:03 [debug    ] imf.ifs.quarterly_failed       error='[imf] Circuit breaker open after 6 consecutive connection failures' indicator=ENDA_XDC_USD_RATE iso3=ZAF
2026-04-17 19:35:03 [debug    ] imf.ifs.monthly_failed         error='[imf] Circuit breaker open after 6 consecutive connection failures' indicator=FILR_PA iso3=ZAF
2026-04-17 19:35:03 [debug    ] imf.ifs.quarterly_failed       error='[imf] Circuit breaker open after 6 consecutive connection failures' indicator=FILR_PA iso3=ZAF
2026-04-17 19:35:03 [debug    ] imf.ifs.monthly_failed         error='[imf] Circuit breaker open after 6 consecutive connection failures' indicator=FITB_PA iso3=ZAF
2026-04-17 19:35:03 [debug    ] imf.ifs.quarterly_failed       error='[imf] Circuit breaker open after 6 consecutive connection failures' indicator=FITB_PA iso3=ZAF
2026-04-17 19:35:03 [debug    ] imf.ifs.monthly_failed         error='[imf] Circuit breaker open after 6 consecutive connection failures' indicator=FMA_XDC iso3=ZAF
2026-04-17 19:35:03 [debug    ] imf.ifs.quarterly_failed       error='[imf] Circuit breaker open after 6 consecutive connection failures' indicator=FMA_XDC iso3=ZAF
2026-04-17 19:35:03 [debug    ] imf.ifs.monthly_failed         error='[imf] Circuit breaker open after 6 consecutive connection failures' indicator=PCPI_IX iso3=ZAF
2026-04-17 19:35:03 [debug    ] imf.ifs.quarterly_failed       error='[imf] Circuit breaker open after 6 consecutive connection failures' indicator=PCPI_IX iso3=ZAF
2026-04-17 19:35:03 [debug    ] imf.ifs.monthly_failed         error='[imf] Circuit breaker open after 6 consecutive connection failures' indicator=RAXGFX_USD iso3=ZAF
2026-04-17 19:35:03 [debug    ] imf.ifs.quarterly_failed       error='[imf] Circuit breaker open after 6 consecutive connection failures' indicator=RAXGFX_USD iso3=ZAF
2026-04-17 19:35:03 [debug    ] imf.bop.failed                 error='[imf] Circuit breaker open after 6 consecutive connection failures' indicator=BCA_BP6_USD iso3=MEX
2026-04-17 19:35:03 [debug    ] imf.bop.failed                 error='[imf] Circuit breaker open after 6 consecutive connection failures' indicator=BFA_BP6_USD iso3=MEX
2026-04-17 19:35:03 [debug    ] imf.bop.failed                 error='[imf] Circuit breaker open after 6 consecutive connection failures' indicator=BGS_BP6_USD iso3=MEX
2026-04-17 19:35:03 [debug    ] imf.ifs.monthly_failed         error='[imf] Circuit breaker open after 6 consecutive connection failures' indicator=ENDA_XDC_USD_RATE iso3=MEX
2026-04-17 19:35:03 [debug    ] imf.ifs.quarterly_failed       error='[imf] Circuit breaker open after 6 consecutive connection failures' indicator=ENDA_XDC_USD_RATE iso3=MEX
2026-04-17 19:35:03 [debug    ] imf.ifs.monthly_failed         error='[imf] Circuit breaker open after 6 consecutive connection failures' indicator=FILR_PA iso3=MEX
2026-04-17 19:35:03 [debug    ] imf.ifs.quarterly_failed       error='[imf] Circuit breaker open after 6 consecutive connection failures' indicator=FILR_PA iso3=MEX
2026-04-17 19:35:03 [debug    ] imf.ifs.monthly_failed         error='[imf] Circuit breaker open after 6 consecutive connection failures' indicator=FITB_PA iso3=MEX
2026-04-17 19:35:03 [debug    ] imf.ifs.quarterly_failed       error='[imf] Circuit breaker open after 6 consecutive connection failures' indicator=FITB_PA iso3=MEX
2026-04-17 19:35:03 [debug    ] imf.ifs.monthly_failed         error='[imf] Circuit breaker open after 6 consecutive connection failures' indicator=FMA_XDC iso3=MEX
2026-04-17 19:35:03 [debug    ] imf.ifs.quarterly_failed       error='[imf] Circuit breaker open after 6 consecutive connection failures' indicator=FMA_XDC iso3=MEX
2026-04-17 19:35:03 [debug    ] imf.ifs.monthly_failed         error='[imf] Circuit breaker open after 6 consecutive connection failures' indicator=PCPI_IX iso3=MEX
2026-04-17 19:35:03 [debug    ] imf.ifs.quarterly_failed       error='[imf] Circuit breaker open after 6 consecutive connection failures' indicator=PCPI_IX iso3=MEX
2026-04-17 19:35:03 [debug    ] imf.ifs.monthly_failed         error='[imf] Circuit breaker open after 6 consecutive connection failures' indicator=RAXGFX_USD iso3=MEX
2026-04-17 19:35:03 [debug    ] imf.ifs.quarterly_failed       error='[imf] Circuit breaker open after 6 consecutive connection failures' indicator=RAXGFX_USD iso3=MEX
2026-04-17 19:35:03 [debug    ] imf.bop.failed                 error='[imf] Circuit breaker open after 6 consecutive connection failures' indicator=BCA_BP6_USD iso3=EGY
2026-04-17 19:35:03 [debug    ] imf.bop.failed                 error='[imf] Circuit breaker open after 6 consecutive connection failures' indicator=BFA_BP6_USD iso3=EGY
2026-04-17 19:35:03 [debug    ] imf.bop.failed                 error='[imf] Circuit breaker open after 6 consecutive connection failures' indicator=BGS_BP6_USD iso3=EGY
2026-04-17 19:35:03 [debug    ] imf.ifs.monthly_failed         error='[imf] Circuit breaker open after 6 consecutive connection failures' indicator=ENDA_XDC_USD_RATE iso3=EGY
2026-04-17 19:35:03 [debug    ] imf.ifs.quarterly_failed       error='[imf] Circuit breaker open after 6 consecutive connection failures' indicator=ENDA_XDC_USD_RATE iso3=EGY
2026-04-17 19:35:03 [debug    ] imf.ifs.monthly_failed         error='[imf] Circuit breaker open after 6 consecutive connection failures' indicator=FILR_PA iso3=EGY
2026-04-17 19:35:03 [debug    ] imf.ifs.quarterly_failed       error='[imf] Circuit breaker open after 6 consecutive connection failures' indicator=FILR_PA iso3=EGY
2026-04-17 19:35:03 [debug    ] imf.ifs.monthly_failed         error='[imf] Circuit breaker open after 6 consecutive connection failures' indicator=FITB_PA iso3=EGY
2026-04-17 19:35:03 [debug    ] imf.ifs.quarterly_failed       error='[imf] Circuit breaker open after 6 consecutive connection failures' indicator=FITB_PA iso3=EGY
2026-04-17 19:35:03 [debug    ] imf.ifs.monthly_failed         error='[imf] Circuit breaker open after 6 consecutive connection failures' indicator=FMA_XDC iso3=EGY
2026-04-17 19:35:03 [debug    ] imf.ifs.quarterly_failed       error='[imf] Circuit breaker open after 6 consecutive connection failures' indicator=FMA_XDC iso3=EGY
2026-04-17 19:35:03 [debug    ] imf.ifs.monthly_failed         error='[imf] Circuit breaker open after 6 consecutive connection failures' indicator=PCPI_IX iso3=EGY
2026-04-17 19:35:03 [debug    ] imf.ifs.quarterly_failed       error='[imf] Circuit breaker open after 6 consecutive connection failures' indicator=PCPI_IX iso3=EGY
2026-04-17 19:35:03 [debug    ] imf.ifs.monthly_failed         error='[imf] Circuit breaker open after 6 consecutive connection failures' indicator=RAXGFX_USD iso3=EGY
2026-04-17 19:35:03 [debug    ] imf.ifs.quarterly_failed       error='[imf] Circuit breaker open after 6 consecutive connection failures' indicator=RAXGFX_USD iso3=EGY
2026-04-17 19:35:03 [debug    ] imf.bop.failed                 error='[imf] Circuit breaker open after 6 consecutive connection failures' indicator=BCA_BP6_USD iso3=POL
2026-04-17 19:35:03 [debug    ] imf.bop.failed                 error='[imf] Circuit breaker open after 6 consecutive connection failures' indicator=BFA_BP6_USD iso3=POL
2026-04-17 19:35:03 [debug    ] imf.bop.failed                 error='[imf] Circuit breaker open after 6 consecutive connection failures' indicator=BGS_BP6_USD iso3=POL
2026-04-17 19:35:03 [debug    ] imf.ifs.monthly_failed         error='[imf] Circuit breaker open after 6 consecutive connection failures' indicator=ENDA_XDC_USD_RATE iso3=POL
2026-04-17 19:35:03 [debug    ] imf.ifs.quarterly_failed       error='[imf] Circuit breaker open after 6 consecutive connection failures' indicator=ENDA_XDC_USD_RATE iso3=POL
2026-04-17 19:35:03 [debug    ] imf.ifs.monthly_failed         error='[imf] Circuit breaker open after 6 consecutive connection failures' indicator=FILR_PA iso3=POL
2026-04-17 19:35:03 [debug    ] imf.ifs.quarterly_failed       error='[imf] Circuit breaker open after 6 consecutive connection failures' indicator=FILR_PA iso3=POL
2026-04-17 19:35:03 [debug    ] imf.ifs.monthly_failed         error='[imf] Circuit breaker open after 6 consecutive connection failures' indicator=FITB_PA iso3=POL
2026-04-17 19:35:03 [debug    ] imf.ifs.quarterly_failed       error='[imf] Circuit breaker open after 6 consecutive connection failures' indicator=FITB_PA iso3=POL
2026-04-17 19:35:03 [debug    ] imf.ifs.monthly_failed         error='[imf] Circuit breaker open after 6 consecutive connection failures' indicator=FMA_XDC iso3=POL
2026-04-17 19:35:03 [debug    ] imf.ifs.quarterly_failed       error='[imf] Circuit breaker open after 6 consecutive connection failures' indicator=FMA_XDC iso3=POL
2026-04-17 19:35:03 [debug    ] imf.ifs.monthly_failed         error='[imf] Circuit breaker open after 6 consecutive connection failures' indicator=PCPI_IX iso3=POL
2026-04-17 19:35:03 [debug    ] imf.ifs.quarterly_failed       error='[imf] Circuit breaker open after 6 consecutive connection failures' indicator=PCPI_IX iso3=POL
2026-04-17 19:35:03 [debug    ] imf.ifs.monthly_failed         error='[imf] Circuit breaker open after 6 consecutive connection failures' indicator=RAXGFX_USD iso3=POL
2026-04-17 19:35:03 [debug    ] imf.ifs.quarterly_failed       error='[imf] Circuit breaker open after 6 consecutive connection failures' indicator=RAXGFX_USD iso3=POL
2026-04-17 19:35:03 [debug    ] imf.bop.failed                 error='[imf] Circuit breaker open after 6 consecutive connection failures' indicator=BCA_BP6_USD iso3=IDN
2026-04-17 19:35:03 [debug    ] imf.bop.failed                 error='[imf] Circuit breaker open after 6 consecutive connection failures' indicator=BFA_BP6_USD iso3=IDN
2026-04-17 19:35:03 [debug    ] imf.bop.failed                 error='[imf] Circuit breaker open after 6 consecutive connection failures' indicator=BGS_BP6_USD iso3=IDN
2026-04-17 19:35:03 [debug    ] imf.ifs.monthly_failed         error='[imf] Circuit breaker open after 6 consecutive connection failures' indicator=ENDA_XDC_USD_RATE iso3=IDN
2026-04-17 19:35:03 [debug    ] imf.ifs.quarterly_failed       error='[imf] Circuit breaker open after 6 consecutive connection failures' indicator=ENDA_XDC_USD_RATE iso3=IDN
2026-04-17 19:35:03 [debug    ] imf.ifs.monthly_failed         error='[imf] Circuit breaker open after 6 consecutive connection failures' indicator=FILR_PA iso3=IDN
2026-04-17 19:35:03 [debug    ] imf.ifs.quarterly_failed       error='[imf] Circuit breaker open after 6 consecutive connection failures' indicator=FILR_PA iso3=IDN
2026-04-17 19:35:03 [debug    ] imf.ifs.monthly_failed         error='[imf] Circuit breaker open after 6 consecutive connection failures' indicator=FITB_PA iso3=IDN
2026-04-17 19:35:03 [debug    ] imf.ifs.quarterly_failed       error='[imf] Circuit breaker open after 6 consecutive connection failures' indicator=FITB_PA iso3=IDN
2026-04-17 19:35:03 [debug    ] imf.ifs.monthly_failed         error='[imf] Circuit breaker open after 6 consecutive connection failures' indicator=FMA_XDC iso3=IDN
2026-04-17 19:35:03 [debug    ] imf.ifs.quarterly_failed       error='[imf] Circuit breaker open after 6 consecutive connection failures' indicator=FMA_XDC iso3=IDN
2026-04-17 19:35:03 [debug    ] imf.ifs.monthly_failed         error='[imf] Circuit breaker open after 6 consecutive connection failures' indicator=PCPI_IX iso3=IDN
2026-04-17 19:35:03 [debug    ] imf.ifs.quarterly_failed       error='[imf] Circuit breaker open after 6 consecutive connection failures' indicator=PCPI_IX iso3=IDN
2026-04-17 19:35:03 [debug    ] imf.ifs.monthly_failed         error='[imf] Circuit breaker open after 6 consecutive connection failures' indicator=RAXGFX_USD iso3=IDN
2026-04-17 19:35:03 [debug    ] imf.ifs.quarterly_failed       error='[imf] Circuit breaker open after 6 consecutive connection failures' indicator=RAXGFX_USD iso3=IDN
2026-04-17 19:35:03 [debug    ] imf.bop.failed                 error='[imf] Circuit breaker open after 6 consecutive connection failures' indicator=BCA_BP6_USD iso3=KEN
2026-04-17 19:35:03 [debug    ] imf.bop.failed                 error='[imf] Circuit breaker open after 6 consecutive connection failures' indicator=BFA_BP6_USD iso3=KEN
2026-04-17 19:35:03 [debug    ] imf.bop.failed                 error='[imf] Circuit breaker open after 6 consecutive connection failures' indicator=BGS_BP6_USD iso3=KEN
2026-04-17 19:35:03 [debug    ] imf.ifs.monthly_failed         error='[imf] Circuit breaker open after 6 consecutive connection failures' indicator=ENDA_XDC_USD_RATE iso3=KEN
2026-04-17 19:35:03 [debug    ] imf.ifs.quarterly_failed       error='[imf] Circuit breaker open after 6 consecutive connection failures' indicator=ENDA_XDC_USD_RATE iso3=KEN
2026-04-17 19:35:03 [debug    ] imf.ifs.monthly_failed         error='[imf] Circuit breaker open after 6 consecutive connection failures' indicator=FILR_PA iso3=KEN
2026-04-17 19:35:03 [debug    ] imf.ifs.quarterly_failed       error='[imf] Circuit breaker open after 6 consecutive connection failures' indicator=FILR_PA iso3=KEN
2026-04-17 19:35:03 [debug    ] imf.ifs.monthly_failed         error='[imf] Circuit breaker open after 6 consecutive connection failures' indicator=FITB_PA iso3=KEN
2026-04-17 19:35:03 [debug    ] imf.ifs.quarterly_failed       error='[imf] Circuit breaker open after 6 consecutive connection failures' indicator=FITB_PA iso3=KEN
2026-04-17 19:35:03 [debug    ] imf.ifs.monthly_failed         error='[imf] Circuit breaker open after 6 consecutive connection failures' indicator=FMA_XDC iso3=KEN
2026-04-17 19:35:03 [debug    ] imf.ifs.quarterly_failed       error='[imf] Circuit breaker open after 6 consecutive connection failures' indicator=FMA_XDC iso3=KEN
2026-04-17 19:35:03 [debug    ] imf.ifs.monthly_failed         error='[imf] Circuit breaker open after 6 consecutive connection failures' indicator=PCPI_IX iso3=KEN
2026-04-17 19:35:03 [debug    ] imf.ifs.quarterly_failed       error='[imf] Circuit breaker open after 6 consecutive connection failures' indicator=PCPI_IX iso3=KEN
2026-04-17 19:35:03 [debug    ] imf.ifs.monthly_failed         error='[imf] Circuit breaker open after 6 consecutive connection failures' indicator=RAXGFX_USD iso3=KEN
2026-04-17 19:35:03 [debug    ] imf.ifs.quarterly_failed       error='[imf] Circuit breaker open after 6 consecutive connection failures' indicator=RAXGFX_USD iso3=KEN
2026-04-17 19:35:03 [debug    ] imf.bop.failed                 error='[imf] Circuit breaker open after 6 consecutive connection failures' indicator=BCA_BP6_USD iso3=THA
2026-04-17 19:35:03 [debug    ] imf.bop.failed                 error='[imf] Circuit breaker open after 6 consecutive connection failures' indicator=BFA_BP6_USD iso3=THA
2026-04-17 19:35:03 [debug    ] imf.bop.failed                 error='[imf] Circuit breaker open after 6 consecutive connection failures' indicator=BGS_BP6_USD iso3=THA
2026-04-17 19:35:03 [debug    ] imf.ifs.monthly_failed         error='[imf] Circuit breaker open after 6 consecutive connection failures' indicator=ENDA_XDC_USD_RATE iso3=THA
2026-04-17 19:35:03 [debug    ] imf.ifs.quarterly_failed       error='[imf] Circuit breaker open after 6 consecutive connection failures' indicator=ENDA_XDC_USD_RATE iso3=THA
2026-04-17 19:35:03 [debug    ] imf.ifs.monthly_failed         error='[imf] Circuit breaker open after 6 consecutive connection failures' indicator=FILR_PA iso3=THA
2026-04-17 19:35:03 [debug    ] imf.ifs.quarterly_failed       error='[imf] Circuit breaker open after 6 consecutive connection failures' indicator=FILR_PA iso3=THA
2026-04-17 19:35:03 [debug    ] imf.ifs.monthly_failed         error='[imf] Circuit breaker open after 6 consecutive connection failures' indicator=FITB_PA iso3=THA
2026-04-17 19:35:03 [debug    ] imf.ifs.quarterly_failed       error='[imf] Circuit breaker open after 6 consecutive connection failures' indicator=FITB_PA iso3=THA
2026-04-17 19:35:03 [debug    ] imf.ifs.monthly_failed         error='[imf] Circuit breaker open after 6 consecutive connection failures' indicator=FMA_XDC iso3=THA
2026-04-17 19:35:03 [debug    ] imf.ifs.quarterly_failed       error='[imf] Circuit breaker open after 6 consecutive connection failures' indicator=FMA_XDC iso3=THA
2026-04-17 19:35:03 [debug    ] imf.ifs.monthly_failed         error='[imf] Circuit breaker open after 6 consecutive connection failures' indicator=PCPI_IX iso3=THA
2026-04-17 19:35:03 [debug    ] imf.ifs.quarterly_failed       error='[imf] Circuit breaker open after 6 consecutive connection failures' indicator=PCPI_IX iso3=THA
2026-04-17 19:35:03 [debug    ] imf.ifs.monthly_failed         error='[imf] Circuit breaker open after 6 consecutive connection failures' indicator=RAXGFX_USD iso3=THA
2026-04-17 19:35:03 [debug    ] imf.ifs.quarterly_failed       error='[imf] Circuit breaker open after 6 consecutive connection failures' indicator=RAXGFX_USD iso3=THA
2026-04-17 19:35:03 [debug    ] imf.bop.failed                 error='[imf] Circuit breaker open after 6 consecutive connection failures' indicator=BCA_BP6_USD iso3=TUR
2026-04-17 19:35:03 [debug    ] imf.bop.failed                 error='[imf] Circuit breaker open after 6 consecutive connection failures' indicator=BFA_BP6_USD iso3=TUR
2026-04-17 19:35:03 [debug    ] imf.bop.failed                 error='[imf] Circuit breaker open after 6 consecutive connection failures' indicator=BGS_BP6_USD iso3=TUR
2026-04-17 19:35:03 [debug    ] imf.ifs.monthly_failed         error='[imf] Circuit breaker open after 6 consecutive connection failures' indicator=ENDA_XDC_USD_RATE iso3=TUR
2026-04-17 19:35:03 [debug    ] imf.ifs.quarterly_failed       error='[imf] Circuit breaker open after 6 consecutive connection failures' indicator=ENDA_XDC_USD_RATE iso3=TUR
2026-04-17 19:35:03 [debug    ] imf.ifs.monthly_failed         error='[imf] Circuit breaker open after 6 consecutive connection failures' indicator=FILR_PA iso3=TUR
2026-04-17 19:35:03 [debug    ] imf.ifs.quarterly_failed       error='[imf] Circuit breaker open after 6 consecutive connection failures' indicator=FILR_PA iso3=TUR
2026-04-17 19:35:03 [debug    ] imf.ifs.monthly_failed         error='[imf] Circuit breaker open after 6 consecutive connection failures' indicator=FITB_PA iso3=TUR
2026-04-17 19:35:03 [debug    ] imf.ifs.quarterly_failed       error='[imf] Circuit breaker open after 6 consecutive connection failures' indicator=FITB_PA iso3=TUR
2026-04-17 19:35:03 [debug    ] imf.ifs.monthly_failed         error='[imf] Circuit breaker open after 6 consecutive connection failures' indicator=FMA_XDC iso3=TUR
2026-04-17 19:35:03 [debug    ] imf.ifs.quarterly_failed       error='[imf] Circuit breaker open after 6 consecutive connection failures' indicator=FMA_XDC iso3=TUR
2026-04-17 19:35:03 [debug    ] imf.ifs.monthly_failed         error='[imf] Circuit breaker open after 6 consecutive connection failures' indicator=PCPI_IX iso3=TUR
2026-04-17 19:35:03 [debug    ] imf.ifs.quarterly_failed       error='[imf] Circuit breaker open after 6 consecutive connection failures' indicator=PCPI_IX iso3=TUR
2026-04-17 19:35:03 [debug    ] imf.ifs.monthly_failed         error='[imf] Circuit breaker open after 6 consecutive connection failures' indicator=RAXGFX_USD iso3=TUR
2026-04-17 19:35:03 [debug    ] imf.ifs.quarterly_failed       error='[imf] Circuit breaker open after 6 consecutive connection failures' indicator=RAXGFX_USD iso3=TUR
2026-04-17 19:35:03 [debug    ] imf.bop.failed                 error='[imf] Circuit breaker open after 6 consecutive connection failures' indicator=BCA_BP6_USD iso3=SAU
2026-04-17 19:35:03 [debug    ] imf.bop.failed                 error='[imf] Circuit breaker open after 6 consecutive connection failures' indicator=BFA_BP6_USD iso3=SAU
2026-04-17 19:35:03 [debug    ] imf.bop.failed                 error='[imf] Circuit breaker open after 6 consecutive connection failures' indicator=BGS_BP6_USD iso3=SAU
2026-04-17 19:35:03 [debug    ] imf.ifs.monthly_failed         error='[imf] Circuit breaker open after 6 consecutive connection failures' indicator=ENDA_XDC_USD_RATE iso3=SAU
2026-04-17 19:35:03 [debug    ] imf.ifs.quarterly_failed       error='[imf] Circuit breaker open after 6 consecutive connection failures' indicator=ENDA_XDC_USD_RATE iso3=SAU
2026-04-17 19:35:03 [debug    ] imf.ifs.monthly_failed         error='[imf] Circuit breaker open after 6 consecutive connection failures' indicator=FILR_PA iso3=SAU
2026-04-17 19:35:03 [debug    ] imf.ifs.quarterly_failed       error='[imf] Circuit breaker open after 6 consecutive connection failures' indicator=FILR_PA iso3=SAU
2026-04-17 19:35:03 [debug    ] imf.ifs.monthly_failed         error='[imf] Circuit breaker open after 6 consecutive connection failures' indicator=FITB_PA iso3=SAU
2026-04-17 19:35:03 [debug    ] imf.ifs.quarterly_failed       error='[imf] Circuit breaker open after 6 consecutive connection failures' indicator=FITB_PA iso3=SAU
2026-04-17 19:35:03 [debug    ] imf.ifs.monthly_failed         error='[imf] Circuit breaker open after 6 consecutive connection failures' indicator=FMA_XDC iso3=SAU
2026-04-17 19:35:03 [debug    ] imf.ifs.quarterly_failed       error='[imf] Circuit breaker open after 6 consecutive connection failures' indicator=FMA_XDC iso3=SAU
2026-04-17 19:35:03 [debug    ] imf.ifs.monthly_failed         error='[imf] Circuit breaker open after 6 consecutive connection failures' indicator=PCPI_IX iso3=SAU
2026-04-17 19:35:03 [debug    ] imf.ifs.quarterly_failed       error='[imf] Circuit breaker open after 6 consecutive connection failures' indicator=PCPI_IX iso3=SAU
2026-04-17 19:35:03 [debug    ] imf.ifs.monthly_failed         error='[imf] Circuit breaker open after 6 consecutive connection failures' indicator=RAXGFX_USD iso3=SAU
2026-04-17 19:35:03 [debug    ] imf.ifs.quarterly_failed       error='[imf] Circuit breaker open after 6 consecutive connection failures' indicator=RAXGFX_USD iso3=SAU
2026-04-17 19:35:03 [debug    ] imf.bop.failed                 error='[imf] Circuit breaker open after 6 consecutive connection failures' indicator=BCA_BP6_USD iso3=BRA
2026-04-17 19:35:03 [debug    ] imf.bop.failed                 error='[imf] Circuit breaker open after 6 consecutive connection failures' indicator=BFA_BP6_USD iso3=BRA
2026-04-17 19:35:03 [debug    ] imf.bop.failed                 error='[imf] Circuit breaker open after 6 consecutive connection failures' indicator=BGS_BP6_USD iso3=BRA
2026-04-17 19:35:03 [debug    ] imf.ifs.monthly_failed         error='[imf] Circuit breaker open after 6 consecutive connection failures' indicator=ENDA_XDC_USD_RATE iso3=BRA
2026-04-17 19:35:03 [debug    ] imf.ifs.quarterly_failed       error='[imf] Circuit breaker open after 6 consecutive connection failures' indicator=ENDA_XDC_USD_RATE iso3=BRA
2026-04-17 19:35:03 [debug    ] imf.ifs.monthly_failed         error='[imf] Circuit breaker open after 6 consecutive connection failures' indicator=FILR_PA iso3=BRA
2026-04-17 19:35:03 [debug    ] imf.ifs.quarterly_failed       error='[imf] Circuit breaker open after 6 consecutive connection failures' indicator=FILR_PA iso3=BRA
2026-04-17 19:35:03 [debug    ] imf.ifs.monthly_failed         error='[imf] Circuit breaker open after 6 consecutive connection failures' indicator=FITB_PA iso3=BRA
2026-04-17 19:35:03 [debug    ] imf.ifs.quarterly_failed       error='[imf] Circuit breaker open after 6 consecutive connection failures' indicator=FITB_PA iso3=BRA
2026-04-17 19:35:03 [debug    ] imf.ifs.monthly_failed         error='[imf] Circuit breaker open after 6 consecutive connection failures' indicator=FMA_XDC iso3=BRA
2026-04-17 19:35:03 [debug    ] imf.ifs.quarterly_failed       error='[imf] Circuit breaker open after 6 consecutive connection failures' indicator=FMA_XDC iso3=BRA
2026-04-17 19:35:03 [debug    ] imf.ifs.monthly_failed         error='[imf] Circuit breaker open after 6 consecutive connection failures' indicator=PCPI_IX iso3=BRA
2026-04-17 19:35:03 [debug    ] imf.ifs.quarterly_failed       error='[imf] Circuit breaker open after 6 consecutive connection failures' indicator=PCPI_IX iso3=BRA
2026-04-17 19:35:03 [debug    ] imf.ifs.monthly_failed         error='[imf] Circuit breaker open after 6 consecutive connection failures' indicator=RAXGFX_USD iso3=BRA
2026-04-17 19:35:03 [debug    ] imf.ifs.quarterly_failed       error='[imf] Circuit breaker open after 6 consecutive connection failures' indicator=RAXGFX_USD iso3=BRA
[23:35:03] [ingest      ]   imf: 3599 fetched, 3599 written
[23:35:03] [ingest      ] Fetching gdelt...
2026-04-17 19:35:40 [debug    ] gdelt.timeline.failed          error="Client error '429 Too Many Requests' for url 'https://api.gdeltproject.org/api/v2/doc/doc?query=%22Colombia%22&mode=timelinevolinfo&timespan=90d&format=json'\nFor more information check: https://developer.mozilla.org/en-US/docs/Web/HTTP/Status/429" event_type=volume iso3=COL
2026-04-17 19:36:31 [debug    ] gdelt.timeline.failed          error="Client error '429 Too Many Requests' for url 'https://api.gdeltproject.org/api/v2/doc/doc?query=%22Nigeria%22&mode=timelinevolinfo&timespan=90d&format=json'\nFor more information check: https://developer.mozilla.org/en-US/docs/Web/HTTP/Status/429" event_type=volume iso3=NGA
2026-04-17 19:38:06 [debug    ] gdelt.headlines.failed         error="Client error '429 Too Many Requests' for url 'https://api.gdeltproject.org/api/v2/doc/doc?query=%22United+States%22&mode=artlist&maxrecords=25&format=json&timespan=7d&sort=hybridrel'\nFor more information check: https://developer.mozilla.org/en-US/docs/Web/HTTP/Status/429" iso3=USA
2026-04-17 19:38:36 [debug    ] gdelt.timeline.failed          error="Client error '429 Too Many Requests' for url 'https://api.gdeltproject.org/api/v2/doc/doc?query=%22United+States%22&mode=timelinevolinfo&timespan=90d&format=json'\nFor more information check: https://developer.mozilla.org/en-US/docs/Web/HTTP/Status/429" event_type=volume iso3=USA
2026-04-17 19:39:06 [debug    ] gdelt.timeline.failed          error="Client error '429 Too Many Requests' for url 'https://api.gdeltproject.org/api/v2/doc/doc?query=%22India%22&mode=timelinetone&timespan=90d&format=json'\nFor more information check: https://developer.mozilla.org/en-US/docs/Web/HTTP/Status/429" event_type=tone iso3=IND
2026-04-17 19:40:21 [debug    ] gdelt.timeline.failed          error="Client error '429 Too Many Requests' for url 'https://api.gdeltproject.org/api/v2/doc/doc?query=%22Mexico%22&mode=timelinetone&timespan=90d&format=json'\nFor more information check: https://developer.mozilla.org/en-US/docs/Web/HTTP/Status/429" event_type=tone iso3=MEX
2026-04-17 19:41:01 [debug    ] gdelt.timeline.failed          error="Client error '429 Too Many Requests' for url 'https://api.gdeltproject.org/api/v2/doc/doc?query=%22Egypt%22&mode=timelinetone&timespan=90d&format=json'\nFor more information check: https://developer.mozilla.org/en-US/docs/Web/HTTP/Status/429" event_type=tone iso3=EGY
2026-04-17 19:41:39 [debug    ] gdelt.headlines.failed         error="Client error '429 Too Many Requests' for url 'https://api.gdeltproject.org/api/v2/doc/doc?query=%22Poland%22&mode=artlist&maxrecords=25&format=json&timespan=7d&sort=hybridrel'\nFor more information check: https://developer.mozilla.org/en-US/docs/Web/HTTP/Status/429" iso3=POL
2026-04-17 19:41:57 [debug    ] gdelt.timeline.failed          error="Client error '429 Too Many Requests' for url 'https://api.gdeltproject.org/api/v2/doc/doc?query=%22Poland%22&mode=timelinetone&timespan=90d&format=json'\nFor more information check: https://developer.mozilla.org/en-US/docs/Web/HTTP/Status/429" event_type=tone iso3=POL
2026-04-17 19:42:33 [debug    ] gdelt.headlines.failed         error="Client error '429 Too Many Requests' for url 'https://api.gdeltproject.org/api/v2/doc/doc?query=%22Indonesia%22&mode=artlist&maxrecords=25&format=json&timespan=7d&sort=hybridrel'\nFor more information check: https://developer.mozilla.org/en-US/docs/Web/HTTP/Status/429" iso3=IDN
2026-04-17 19:43:29 [debug    ] gdelt.timeline.failed          error="Client error '429 Too Many Requests' for url 'https://api.gdeltproject.org/api/v2/doc/doc?query=%22Kenya%22&mode=timelinetone&timespan=90d&format=json'\nFor more information check: https://developer.mozilla.org/en-US/docs/Web/HTTP/Status/429" event_type=tone iso3=KEN
[23:46:12] [ingest      ]   gdelt: 2485 received, 705 written
[23:46:12] [ingest      ] Fetching googlenews...
[23:46:43] [ingest      ]   googlenews: 240 received, 160 written
[23:46:43] [ingest      ] Total: 104061 observations, 865 events
[23:46:43] [ingest      ] Computing yield spreads...
2026-04-17 19:46:45 [info     ] spreads.computed               latest_date=2026-04-16 n_points=1573 spread=SPREAD_10Y_2Y
2026-04-17 19:46:45 [info     ] spreads.computed               latest_date=2026-04-16 n_points=1573 spread=SPREAD_10Y_3M
2026-04-17 19:46:45 [info     ] spreads.computed               latest_date=2026-04-16 n_points=1573 spread=SPREAD_30Y_10Y
2026-04-17 19:46:45 [info     ] spreads.computed               latest_date=2026-04-16 n_points=1573 spread=SPREAD_5Y_2Y
2026-04-17 19:46:45 [info     ] spreads.all_computed           n_specs=4 n_spreads=6292
[23:46:46] [ingest      ]   Spreads: 6292 computed
[23:46:46] [quality     ] Running quality checks...
2026-04-17 19:46:46 [info     ] quality.run_start              n_current_scores=40 n_indicators=271 n_observations=not_loaded n_prior_scores=25 run_id=e60f74aa-839a-4dee-b23f-febfe36c6e82
2026-04-17 19:46:46 [info     ] quality.run_complete           by_severity={'warning': 10} persisted=10 run_id=e60f74aa-839a-4dee-b23f-febfe36c6e82 total_issues=10
[23:46:46] [quality     ]   10 issues (0 critical, 10 warning)
[23:46:46] [score       ] Scoring 15 countries...
2026-04-17 19:46:46 [info     ] scoring_engine.init            n_dimensions=4 n_global_indicators=41 n_indicators=276
2026-04-17 19:47:25 [info     ] scoring_engine.batch_start     n_countries=15 run_id=fea7eaca-edcf-4259-9c6d-46ae78b9bd55
2026-04-17 19:47:25 [debug    ] dimension.stale_series         dimension=growth_momentum iso3=BRA stale_count=5
2026-04-17 19:47:25 [debug    ] dimension.stale_series         dimension=external_balance iso3=BRA stale_count=5
2026-04-17 19:47:25 [debug    ] dimension.stale_series         dimension=monetary_stance iso3=BRA stale_count=2
2026-04-17 19:47:25 [debug    ] scoring_engine.scored_country  composite=0.2 iso3=BRA scored_dims=4 total_dims=4
2026-04-17 19:47:25 [debug    ] dimension.stale_series         dimension=growth_momentum iso3=CHL stale_count=1
2026-04-17 19:47:25 [debug    ] dimension.stale_series         dimension=external_balance iso3=CHL stale_count=4
2026-04-17 19:47:25 [debug    ] dimension.stale_series         dimension=monetary_stance iso3=CHL stale_count=2
2026-04-17 19:47:25 [debug    ] scoring_engine.scored_country  composite=0.13 iso3=CHL scored_dims=4 total_dims=4
2026-04-17 19:47:25 [debug    ] dimension.stale_series         dimension=growth_momentum iso3=COL stale_count=1
2026-04-17 19:47:25 [debug    ] dimension.stale_series         dimension=external_balance iso3=COL stale_count=4
2026-04-17 19:47:25 [debug    ] dimension.stale_series         dimension=monetary_stance iso3=COL stale_count=2
2026-04-17 19:47:25 [debug    ] scoring_engine.scored_country  composite=-0.02 iso3=COL scored_dims=4 total_dims=4
2026-04-17 19:47:25 [debug    ] dimension.stale_series         dimension=growth_momentum iso3=CZE stale_count=1
2026-04-17 19:47:25 [debug    ] dimension.stale_series         dimension=external_balance iso3=CZE stale_count=3
2026-04-17 19:47:25 [debug    ] dimension.stale_series         dimension=monetary_stance iso3=CZE stale_count=2
2026-04-17 19:47:25 [debug    ] scoring_engine.scored_country  composite=0.18 iso3=CZE scored_dims=4 total_dims=4
2026-04-17 19:47:25 [debug    ] dimension.stale_series         dimension=growth_momentum iso3=EGY stale_count=1
2026-04-17 19:47:25 [debug    ] dimension.stale_series         dimension=external_balance iso3=EGY stale_count=4
2026-04-17 19:47:25 [debug    ] dimension.stale_series         dimension=monetary_stance iso3=EGY stale_count=2
2026-04-17 19:47:25 [debug    ] scoring_engine.scored_country  composite=-0.19 iso3=EGY scored_dims=4 total_dims=4
2026-04-17 19:47:25 [debug    ] dimension.stale_series         dimension=growth_momentum iso3=IDN stale_count=1
2026-04-17 19:47:25 [debug    ] dimension.stale_series         dimension=external_balance iso3=IDN stale_count=4
2026-04-17 19:47:25 [debug    ] dimension.stale_series         dimension=monetary_stance iso3=IDN stale_count=2
2026-04-17 19:47:26 [debug    ] scoring_engine.scored_country  composite=-0.09 iso3=IDN scored_dims=4 total_dims=4
2026-04-17 19:47:26 [debug    ] dimension.stale_series         dimension=growth_momentum iso3=IND stale_count=1
2026-04-17 19:47:26 [debug    ] dimension.stale_series         dimension=external_balance iso3=IND stale_count=4
2026-04-17 19:47:26 [debug    ] dimension.stale_series         dimension=monetary_stance iso3=IND stale_count=2
2026-04-17 19:47:26 [debug    ] scoring_engine.scored_country  composite=-0.41 iso3=IND scored_dims=4 total_dims=4
2026-04-17 19:47:26 [debug    ] dimension.stale_series         dimension=growth_momentum iso3=KEN stale_count=1
2026-04-17 19:47:26 [debug    ] dimension.stale_series         dimension=external_balance iso3=KEN stale_count=3
2026-04-17 19:47:26 [debug    ] dimension.stale_series         dimension=monetary_stance iso3=KEN stale_count=2
2026-04-17 19:47:26 [debug    ] scoring_engine.scored_country  composite=0.12 iso3=KEN scored_dims=4 total_dims=4
2026-04-17 19:47:26 [debug    ] dimension.stale_series         dimension=growth_momentum iso3=MEX stale_count=1
2026-04-17 19:47:26 [debug    ] dimension.stale_series         dimension=external_balance iso3=MEX stale_count=4
2026-04-17 19:47:26 [debug    ] dimension.stale_series         dimension=monetary_stance iso3=MEX stale_count=2
2026-04-17 19:47:26 [debug    ] scoring_engine.scored_country  composite=-0.06 iso3=MEX scored_dims=4 total_dims=4
2026-04-17 19:47:26 [debug    ] dimension.stale_series         dimension=growth_momentum iso3=NGA stale_count=2
2026-04-17 19:47:26 [debug    ] dimension.stale_series         dimension=external_balance iso3=NGA stale_count=2
2026-04-17 19:47:26 [debug    ] dimension.stale_series         dimension=monetary_stance iso3=NGA stale_count=2
2026-04-17 19:47:26 [debug    ] scoring_engine.scored_country  composite=-0.22 iso3=NGA scored_dims=4 total_dims=4
2026-04-17 19:47:26 [debug    ] dimension.stale_series         dimension=growth_momentum iso3=POL stale_count=3
2026-04-17 19:47:26 [debug    ] dimension.stale_series         dimension=external_balance iso3=POL stale_count=4
2026-04-17 19:47:26 [debug    ] dimension.stale_series         dimension=monetary_stance iso3=POL stale_count=2
2026-04-17 19:47:26 [debug    ] dimension.stale_series         dimension=risk_sentiment iso3=POL stale_count=1
2026-04-17 19:47:26 [debug    ] scoring_engine.scored_country  composite=0.46 iso3=POL scored_dims=4 total_dims=4
2026-04-17 19:47:26 [debug    ] dimension.stale_series         dimension=growth_momentum iso3=SAU stale_count=2
2026-04-17 19:47:26 [debug    ] dimension.stale_series         dimension=external_balance iso3=SAU stale_count=3
2026-04-17 19:47:26 [debug    ] dimension.stale_series         dimension=monetary_stance iso3=SAU stale_count=2
2026-04-17 19:47:26 [debug    ] scoring_engine.scored_country  composite=0.02 iso3=SAU scored_dims=4 total_dims=4
2026-04-17 19:47:26 [debug    ] dimension.stale_series         dimension=growth_momentum iso3=THA stale_count=1
2026-04-17 19:47:26 [debug    ] dimension.stale_series         dimension=external_balance iso3=THA stale_count=4
2026-04-17 19:47:26 [debug    ] dimension.stale_series         dimension=monetary_stance iso3=THA stale_count=2
2026-04-17 19:47:26 [debug    ] scoring_engine.scored_country  composite=0.23 iso3=THA scored_dims=4 total_dims=4
2026-04-17 19:47:26 [debug    ] dimension.stale_series         dimension=growth_momentum iso3=TUR stale_count=4
2026-04-17 19:47:26 [debug    ] dimension.stale_series         dimension=external_balance iso3=TUR stale_count=5
2026-04-17 19:47:26 [debug    ] dimension.stale_series         dimension=monetary_stance iso3=TUR stale_count=2
2026-04-17 19:47:26 [debug    ] scoring_engine.scored_country  composite=0.23 iso3=TUR scored_dims=4 total_dims=4
2026-04-17 19:47:26 [debug    ] dimension.stale_series         dimension=growth_momentum iso3=ZAF stale_count=2
2026-04-17 19:47:26 [debug    ] dimension.stale_series         dimension=external_balance iso3=ZAF stale_count=5
2026-04-17 19:47:26 [debug    ] dimension.stale_series         dimension=monetary_stance iso3=ZAF stale_count=2
2026-04-17 19:47:26 [debug    ] scoring_engine.scored_country  composite=0.37 iso3=ZAF scored_dims=4 total_dims=4
2026-04-17 19:47:26 [info     ] scoring_engine.batch_complete  n_scored=15 n_total=15 run_id=fea7eaca-edcf-4259-9c6d-46ae78b9bd55
[23:47:26] [score       ]   BRA: composite=+0.20, coverage=100%
[23:47:26] [score       ]   CHL: composite=+0.13, coverage=100%
[23:47:26] [score       ]   COL: composite=-0.02, coverage=100%
[23:47:26] [score       ]   CZE: composite=+0.18, coverage=100%
[23:47:26] [score       ]   EGY: composite=-0.19, coverage=100%
[23:47:26] [score       ]   IDN: composite=-0.09, coverage=100%
[23:47:26] [score       ]   IND: composite=-0.41, coverage=100%
[23:47:26] [score       ]   KEN: composite=+0.12, coverage=100%
[23:47:26] [score       ]   MEX: composite=-0.06, coverage=100%
[23:47:26] [score       ]   NGA: composite=-0.22, coverage=100%
[23:47:26] [score       ]   POL: composite=+0.46, coverage=100%
[23:47:26] [score       ]   SAU: composite=+0.02, coverage=100%
[23:47:26] [score       ]   THA: composite=+0.23, coverage=100%
[23:47:26] [score       ]   TUR: composite=+0.23, coverage=100%
[23:47:26] [score       ]   ZAF: composite=+0.37, coverage=100%
[23:47:26] [alert       ] Evaluating alert tiers...
[23:47:26] [alert       ]   BRA: none
[23:47:26] [alert       ]   CHL: none
[23:47:26] [alert       ]   COL: none
[23:47:26] [alert       ]   CZE: none
[23:47:26] [alert       ]   EGY: none
[23:47:26] [alert       ]   IDN: none
[23:47:26] [alert       ]   IND: none
[23:47:26] [alert       ]   KEN: none
[23:47:26] [alert       ]   MEX: none
[23:47:26] [alert       ]   NGA: none
[23:47:26] [alert       ]   POL: none
[23:47:26] [alert       ]   SAU: none
[23:47:26] [alert       ]   THA: none
[23:47:26] [alert       ]   TUR: none
[23:47:26] [alert       ]   ZAF: none
2026-04-17 19:47:26 [info     ] dispatch.complete              n_alert=0 n_escalate=0 n_no_signal=15 n_watch=0
[23:47:26] [alert       ]   E:0 A:0 W:0
[23:47:26] [digest      ] Composing digest...
[23:47:26] [digest      ]   15 scored, E:0 A:0 W:0

======================================================================
  RIDGE DAILY DIGEST
  Generated: 2026-04-17 23:47 UTC
  Run: 5f9077a201ed4bd7
======================================================================

  Countries scored:  15
  ESCALATE:          0
  ALERT:             0
  WATCH:             0
  No signal:         15

--- DATA QUALITY ---
  10 warnings:
    - [backfill] CHL: CHL: coverage jumped 25% -> 100% (gain 75%, threshold 25%)
    - [backfill] COL: COL: coverage jumped 25% -> 100% (gain 75%, threshold 25%)
    - [backfill] CZE: CZE: coverage jumped 25% -> 100% (gain 75%, threshold 25%)
    - [backfill] EGY: EGY: coverage jumped 25% -> 100% (gain 75%, threshold 25%)
    - [backfill] IDN: IDN: coverage jumped 25% -> 100% (gain 75%, threshold 25%)
    - [backfill] IND: IND: coverage jumped 25% -> 100% (gain 75%, threshold 25%)
    - [backfill] KEN: KEN: coverage jumped 25% -> 100% (gain 75%, threshold 25%)
    - [backfill] MEX: MEX: coverage jumped 25% -> 100% (gain 75%, threshold 25%)
    - [backfill] SAU: SAU: coverage jumped 25% -> 100% (gain 75%, threshold 25%)
    - [backfill] THA: THA: coverage jumped 25% -> 100% (gain 75%, threshold 25%)

--- ESCALATE -- REQUIRES DEEP ANALYSIS ---
  (none)

--- ALERT -- REQUIRES HUMAN REVIEW ---
  (none)

--- WATCH -- LOGGED ---
  (none)

[23:47:26] [done        ] Pipeline complete.
